Microchip MPLAB XC8 Compiler V2.36

Linker command line:

--edf=C:\Program Files\Microchip\xc8\v2.36\pic\dat\en_msgs.txt -cn \
  -h+pic18F4580.sym --cmf=pic18F4580.cmf -z -Q18F4580 \
  -oC:\Users\Hp\AppData\Local\Temp\xcAs41o.4 -Mpic18F4580.map \
  --md=C:\Users\Hp\AppData\Local\Temp\xcAs41o.dat -ver=XC8 Compiler \
  -ACODE=00h-03000h -ACONST=00h-03000h \
  -ASMALLCONST=0600h-06FFhx42,03000h-03000h -AMEDIUMCONST=0600h-03000h \
  -ACOMRAM=01h-05Fh -AABS1=00h-05FFh -ABIGRAM=01h-05FFh \
  -ARAM=060h-0FFh,0100h-01FFhx5 -ABANK0=060h-0FFh -ABANK1=0100h-01FFh \
  -ABANK2=0200h-02FFh -ABANK3=0300h-03FFh -ABANK4=0400h-04FFh \
  -ABANK5=0500h-05FFh -ASFR=0D00h-0DFFhx2,0F00h-0F5Fh,0F60h-0FFFh \
  -ABIGSFR=0D00h-0FFFh -ACONFIG=0300000h-030000Dh -AIDLOC=0200000h-0200007h \
  -AEEDATA=0F00000h-0F000FFh -peeprom_data=EEDATA \
  -preset_vec=00h,intcode,intcodelo,powerup,init -pramtop=0600h \
  -psmallconst=SMALLCONST -pmediumconst=MEDIUMCONST -pconst=CONST \
  -AFARRAM=00h-00h \
  -prdata=COMRAM,nvrram=COMRAM,nvbit=COMRAM,rbss=COMRAM,rbit=COMRAM \
  -pfarbss=FARRAM,fardata=FARRAM,nvFARRAM=FARRAM \
  -pintsave_regs=BIGRAM,bigbss=BIGRAM,bigdata=BIGRAM -pbss=RAM \
  -pidata=CODE,irdata=CODE,ibigdata=CODE,ifardata=CODE -prparam=COMRAM \
  startup.obj pic18F4580.obj 

Object code version is 3.11

Machine type is 18F4580



                Name                               Link     Load   Length Selector   Space Scale
startup.obj     config                           300000   300000        8        0       4
                init                                  0        0        4        0       0
pic18F4580.obj  config                           300000   300000        8        0       4
                smallconst                          600      600       C8      300       0
                text44                             144A     144A       84      364       0
                text43                             15B6     15B6       70      364       0
                text42                             17FA     17FA       52      364       0
                text41                             1A76     1A76       26      364       0
                text40                              C14      C14      1F4      364       0
                text39                             1A4E     1A4E       28      364       0
                text38                             16F2     16F2       60      364       0
                text37                             1AF8     1AF8       18      364       0
                text36                             1B9C     1B9C        6      364       0
                text35                             1B94     1B94        8      364       0
                text34                             1B8C     1B8C        8      364       0
                text33                             1B60     1B60        C      364       0
                text32                             1B84     1B84        8      364       0
                text31                             1B7C     1B7C        8      364       0
                text30                             1B74     1B74        8      364       0
                text29                             1B54     1B54        C      364       0
                text28                             1A24     1A24       2A      364       0
                text27                             14CE     14CE       78      364       0
                text26                             1892     1892       3E      364       0
                text25                             1ADA     1ADA       1E      364       0
                text24                              F96      F96      168      364       0
                text23                             1304     1304       A6      364       0
                text22                             1B48     1B48        C      364       0
                text21                             17A8     17A8       52      364       0
                text20                             1246     1246       BE      364       0
                text19                             190C     190C       3A      364       0
                text18                             19FA     19FA       2A      364       0
                text17                             19D0     19D0       2A      364       0
                text16                             19A6     19A6       2A      364       0
                text15                             1ABC     1ABC       1E      364       0
                text14                              974      974      2A0      364       0
                text13                             13AA     13AA       A0      364       0
                text12                              6C8      6C8      2AC      364       0
                text11                             1B38     1B38       10      364       0
                text10                             1626     1626       68      364       0
                text9                              1A9C     1A9C       20      364       0
                text8                              1946     1946       36      364       0
                text7                              184C     184C       46      364       0
                text6                              1B10     1B10       16      364       0
                text5                              1B26     1B26       12      364       0
                text4                              197C     197C       2A      364       0
                text3                              1752     1752       56      364       0
                text2                               E08      E08      18E      364       0
                text1                              18D0     18D0       3C      364       0
                text0                              10FE     10FE      148      364       0
                cstackCOMRAM                          1        1       23        1       1
                bssBANK1                            100      100       AA      100       1
                dataBANK0                            60       60       70       60       1
                dataCOMRAM                           44       44        8        1       1
                bssCOMRAM                            24       24       20        1       1
                bitbssCOMRAM                        260       4C        1        1       1     8
                cinit                              168E     168E       64      364       0
                idataBANK0                         1546     1546       70      364       0
                idataCOMRAM                        1B6C     1B6C        8      364       0

TOTAL           Name                               Link     Load   Length     Space
        CLASS   CODE           
                init                                  0        0        4         0
                text44                             144A     144A       84         0
                text43                             15B6     15B6       70         0
                text42                             17FA     17FA       52         0
                text41                             1A76     1A76       26         0
                text40                              C14      C14      1F4         0
                text39                             1A4E     1A4E       28         0
                text38                             16F2     16F2       60         0
                text37                             1AF8     1AF8       18         0
                text36                             1B9C     1B9C        6         0
                text35                             1B94     1B94        8         0
                text34                             1B8C     1B8C        8         0
                text33                             1B60     1B60        C         0
                text32                             1B84     1B84        8         0
                text31                             1B7C     1B7C        8         0
                text30                             1B74     1B74        8         0
                text29                             1B54     1B54        C         0
                text28                             1A24     1A24       2A         0
                text27                             14CE     14CE       78         0
                text26                             1892     1892       3E         0
                text25                             1ADA     1ADA       1E         0
                text24                              F96      F96      168         0
                text23                             1304     1304       A6         0
                text22                             1B48     1B48        C         0
                text21                             17A8     17A8       52         0
                text20                             1246     1246       BE         0
                text19                             190C     190C       3A         0
                text18                             19FA     19FA       2A         0
                text17                             19D0     19D0       2A         0
                text16                             19A6     19A6       2A         0
                text15                             1ABC     1ABC       1E         0
                text14                              974      974      2A0         0
                text13                             13AA     13AA       A0         0
                text12                              6C8      6C8      2AC         0
                text11                             1B38     1B38       10         0
                text10                             1626     1626       68         0
                text9                              1A9C     1A9C       20         0
                text8                              1946     1946       36         0
                text7                              184C     184C       46         0
                text6                              1B10     1B10       16         0
                text5                              1B26     1B26       12         0
                text4                              197C     197C       2A         0
                text3                              1752     1752       56         0
                text2                               E08      E08      18E         0
                text1                              18D0     18D0       3C         0
                text0                              10FE     10FE      148         0
                cinit                              168E     168E       64         0
                idataBANK0                         1546     1546       70         0
                idataCOMRAM                        1B6C     1B6C        8         0

        CLASS   CONST          

        CLASS   SMALLCONST     
                smallconst                          600      600       C8         0

        CLASS   MEDIUMCONST    

        CLASS   COMRAM         
                cstackCOMRAM                          1        1       23         1
                dataCOMRAM                           44       44        8         1
                bssCOMRAM                            24       24       20         1
                bitbssCOMRAM                        260       4C        1         1

        CLASS   ABS1           

        CLASS   BIGRAM         

        CLASS   RAM            

        CLASS   BANK0          
                dataBANK0                            60       60       70         1

        CLASS   BANK1          
                bssBANK1                            100      100       AA         1

        CLASS   BANK2          

        CLASS   BANK3          

        CLASS   BANK4          

        CLASS   BANK5          

        CLASS   SFR            

        CLASS   BIGSFR         

        CLASS   CONFIG         
                config                           300000   300000        8         4

        CLASS   IDLOC          

        CLASS   EEDATA         

        CLASS   FARRAM         

        CLASS   HEAP           

        CLASS   STACK          



SEGMENTS        Name                           Load    Length   Top    Selector   Space  Class

                reset_vec                      000000  000004  000004         0       0  CODE    
                cstackCOMRAM                   000001  00004C  00004D         1       1  COMRAM  
                dataBANK0                      000060  000070  0000D0        60       1  BANK0   
                bssBANK1                       000100  0000AA  0001AA       100       1  BANK1   
                smallconst                     000600  0000C8  0006C8       300       0  SMALLCON
                text12                         0006C8  0014DA  001BA2       364       0  CODE    


UNUSED ADDRESS RANGES

        Name                Unused          Largest block    Delta
        BANK0            0000D0-0000FF               30
        BANK1            0001AA-0001FF               56
        BANK2            000200-0002FF              100
        BANK3            000300-0003FF              100
        BANK4            000400-0004FF              100
        BANK5            000500-0005FF              100
        BIGRAM           00004D-00005F               13
                         0000D0-0000FF               30
                         0001AA-0005FF              456
        BIGSFR           000D00-000FFF              300
        CODE             000004-0005FF              5FC
                         001BA2-003000             145F
        COMRAM           00004D-00005F               13
        CONFIG           300008-30000D                6
        CONST            000004-0005FF              5FC
                         001BA2-003000             145F
        EEDATA           F00000-F000FF              100
        IDLOC            200000-200007                8
        MEDIUMCONST      001BA2-003000             145F
        RAM              0000D0-0000FF               30
                         0001AA-0005FF              100
        SFR              000D00-000FFF              100
        SMALLCONST       001BA2-003000              100

                                  Symbol Table

?___awdiv                      cstackCOMRAM 000001
?___awmod                      cstackCOMRAM 000001
?___lwdiv                      cstackCOMRAM 000008
?___wmul                       cstackCOMRAM 000001
?_my_strcmp                    cstackCOMRAM 000001
?_password                     cstackCOMRAM 00000A
?_read_adc                     cstackCOMRAM 000001
_ABDOVF                        (abs)        007DC7
_ACKDT                         (abs)        007E2D
_ACKEN                         (abs)        007E2C
_ACKSTAT                       (abs)        007E2E
_ACQT0                         (abs)        007E03
_ACQT1                         (abs)        007E04
_ACQT2                         (abs)        007E05
_ADCON0                        (abs)        000FC2
_ADCON1                        (abs)        000FC1
_ADCS0                         (abs)        007E00
_ADCS1                         (abs)        007E01
_ADCS2                         (abs)        007E02
_ADFM                          (abs)        007E07
_ADON                          (abs)        007E10
_ADRESH                        (abs)        000FC4
_ADRESL                        (abs)        000FC3
_BCLIF                         (abs)        007D0B
_CKE                           (abs)        007E3E
_CSRC                          (abs)        007D67
_GO                            (abs)        007E11
_GODONE                        (abs)        007E11
_PEN                           (abs)        007E2A
_PORTB                         (abs)        000F81
_PORTD                         (abs)        000F83
_RB1                           (abs)        007C09
_RB2                           (abs)        007C0A
_RB3                           (abs)        007C0B
_RB4                           (abs)        007C0C
_RB5                           (abs)        007C0D
_RB6                           (abs)        007C0E
_RB7                           (abs)        007C0F
_RBPU                          (abs)        007F8F
_RC0                           (abs)        007C10
_RC1                           (abs)        007C11
_RC2                           (abs)        007C12
_RCEN                          (abs)        007E2B
_RCREG                         (abs)        000FAE
_RD7                           (abs)        007C1F
_RSEN                          (abs)        007E29
_SEN                           (abs)        007E28
_SMP                           (abs)        007E3F
_SPBRG                         (abs)        000FAF
_SPEN                          (abs)        007D5F
_SSPADD                        (abs)        000FC8
_SSPBUF                        (abs)        000FC9
_SSPCON1                       (abs)        000FC6
_SSPIF                         (abs)        007CF3
_TRISB                         (abs)        000F93
_TRISC                         (abs)        000F94
_TRISC3                        (abs)        007CA3
_TRISC4                        (abs)        007CA4
_TRISD                         (abs)        000F95
_TRISD7                        (abs)        007CAF
_TXIE                          (abs)        007CEC
_TXIF                          (abs)        007CF4
_TXREG                         (abs)        000FAD
_VCFG0                         (abs)        007E0C
_VCFG1                         (abs)        007E0D
__HRAM                         (abs)        000000
__Habs1                        abs1         000000
__Hbank0                       bank0        000000
__Hbank1                       bank1        000000
__Hbank2                       bank2        000000
__Hbank3                       bank3        000000
__Hbank4                       bank4        000000
__Hbank5                       bank5        000000
__Hbigbss                      bigbss       000000
__Hbigdata                     bigdata      000000
__Hbigram                      bigram       000000
__Hbigsfr                      bigsfr       000000
__HbitbssCOMRAM                bitbssCOMRAM 000000
__Hbss                         bss          000000
__HbssBANK1                    bssBANK1     000000
__HbssCOMRAM                   bssCOMRAM    000000
__Hcinit                       cinit        000000
__Hclrtext                     clrtext      000000
__Hcomram                      comram       000000
__Hconfig                      config       300008
__Hconst                       const        000000
__HcstackCOMRAM                cstackCOMRAM 000000
__Hdata                        data         000000
__HdataBANK0                   dataBANK0    000000
__HdataCOMRAM                  dataCOMRAM   000000
__Heeprom_data                 eeprom_data  000000
__Hfarbss                      farbss       000000
__Hfardata                     fardata      000000
__Hheap                        heap         000000
__Hibigdata                    ibigdata     000000
__Hidata                       idata        000000
__HidataBANK0                  idataBANK0   000000
__HidataCOMRAM                 idataCOMRAM  000000
__Hidloc                       idloc        000000
__Hifardata                    ifardata     000000
__Hinit                        init         000004
__Hintcode                     intcode      000000
__Hintcode_body                intcode_body 000000
__Hintcodelo                   intcodelo    000000
__Hintentry                    intentry     000000
__Hintret                      intret       000000
__Hintsave_regs                intsave_regs 000000
__Hirdata                      irdata       000000
__Hmediumconst                 mediumconst  000000
__HnvFARRAM                    nvFARRAM     000000
__Hnvbit                       nvbit        000000
__Hnvrram                      nvrram       000000
__Hparam                       rparam       000000
__Hpowerup                     powerup      000000
__Hram                         ram          000000
__Hramtop                      ramtop       000600
__Hrbit                        rbit         000000
__Hrbss                        rbss         000000
__Hrdata                       rdata        000000
__Hreset_vec                   reset_vec    000000
__Hrparam                      rparam       000000
__Hsfr                         sfr          000000
__Hsmallconst                  smallconst   0006C8
__Hspace_0                     (abs)        001BA2
__Hspace_1                     (abs)        000261
__Hspace_2                     (abs)        000000
__Hspace_4                     (abs)        600008
__Hstack                       stack        000000
__Hstruct                      struct       000000
__Htemp                        temp         000000
__Htext                        text         000000
__Htext0                       text0        000000
__Htext1                       text1        000000
__Htext10                      text10       000000
__Htext11                      text11       000000
__Htext12                      text12       000000
__Htext13                      text13       000000
__Htext14                      text14       000000
__Htext15                      text15       000000
__Htext16                      text16       000000
__Htext17                      text17       000000
__Htext18                      text18       000000
__Htext19                      text19       000000
__Htext2                       text2        000000
__Htext20                      text20       000000
__Htext21                      text21       000000
__Htext22                      text22       000000
__Htext23                      text23       000000
__Htext24                      text24       000000
__Htext25                      text25       000000
__Htext26                      text26       000000
__Htext27                      text27       000000
__Htext28                      text28       000000
__Htext29                      text29       000000
__Htext3                       text3        000000
__Htext30                      text30       000000
__Htext31                      text31       000000
__Htext32                      text32       000000
__Htext33                      text33       000000
__Htext34                      text34       000000
__Htext35                      text35       000000
__Htext36                      text36       000000
__Htext37                      text37       000000
__Htext38                      text38       000000
__Htext39                      text39       000000
__Htext4                       text4        000000
__Htext40                      text40       000000
__Htext41                      text41       000000
__Htext42                      text42       000000
__Htext43                      text43       000000
__Htext44                      text44       000000
__Htext5                       text5        000000
__Htext6                       text6        000000
__Htext7                       text7        000000
__Htext8                       text8        000000
__Htext9                       text9        000000
__LRAM                         (abs)        000001
__Labs1                        abs1         000000
__Lbank0                       bank0        000000
__Lbank1                       bank1        000000
__Lbank2                       bank2        000000
__Lbank3                       bank3        000000
__Lbank4                       bank4        000000
__Lbank5                       bank5        000000
__Lbigbss                      bigbss       000000
__Lbigdata                     bigdata      000000
__Lbigram                      bigram       000000
__Lbigsfr                      bigsfr       000000
__LbitbssCOMRAM                bitbssCOMRAM 000000
__Lbss                         bss          000000
__LbssBANK1                    bssBANK1     000000
__LbssCOMRAM                   bssCOMRAM    000000
__Lcinit                       cinit        000000
__Lclrtext                     clrtext      000000
__Lcomram                      comram       000000
__Lconfig                      config       000000
__Lconst                       const        000000
__LcstackCOMRAM                cstackCOMRAM 000000
__Ldata                        data         000000
__LdataBANK0                   dataBANK0    000000
__LdataCOMRAM                  dataCOMRAM   000000
__Leeprom_data                 eeprom_data  000000
__Lfarbss                      farbss       000000
__Lfardata                     fardata      000000
__Lheap                        heap         000000
__Libigdata                    ibigdata     000000
__Lidata                       idata        000000
__LidataBANK0                  idataBANK0   000000
__LidataCOMRAM                 idataCOMRAM  000000
__Lidloc                       idloc        000000
__Lifardata                    ifardata     000000
__Linit                        init         000000
__Lintcode                     intcode      000000
__Lintcode_body                intcode_body 000000
__Lintcodelo                   intcodelo    000000
__Lintentry                    intentry     000000
__Lintret                      intret       000000
__Lintsave_regs                intsave_regs 000000
__Lirdata                      irdata       000000
__Lmediumconst                 mediumconst  000000
__LnvFARRAM                    nvFARRAM     000000
__Lnvbit                       nvbit        000000
__Lnvrram                      nvrram       000000
__Lparam                       rparam       000000
__Lpowerup                     powerup      000000
__Lram                         ram          000000
__Lramtop                      ramtop       000600
__Lrbit                        rbit         000000
__Lrbss                        rbss         000000
__Lrdata                       rdata        000000
__Lreset_vec                   reset_vec    000000
__Lrparam                      rparam       000000
__Lsfr                         sfr          000000
__Lsmallconst                  smallconst   000600
__Lspace_0                     (abs)        000000
__Lspace_1                     (abs)        000000
__Lspace_2                     (abs)        000000
__Lspace_4                     (abs)        000000
__Lstack                       stack        000000
__Lstruct                      struct       000000
__Ltemp                        temp         000000
__Ltext                        text         000000
__Ltext0                       text0        000000
__Ltext1                       text1        000000
__Ltext10                      text10       000000
__Ltext11                      text11       000000
__Ltext12                      text12       000000
__Ltext13                      text13       000000
__Ltext14                      text14       000000
__Ltext15                      text15       000000
__Ltext16                      text16       000000
__Ltext17                      text17       000000
__Ltext18                      text18       000000
__Ltext19                      text19       000000
__Ltext2                       text2        000000
__Ltext20                      text20       000000
__Ltext21                      text21       000000
__Ltext22                      text22       000000
__Ltext23                      text23       000000
__Ltext24                      text24       000000
__Ltext25                      text25       000000
__Ltext26                      text26       000000
__Ltext27                      text27       000000
__Ltext28                      text28       000000
__Ltext29                      text29       000000
__Ltext3                       text3        000000
__Ltext30                      text30       000000
__Ltext31                      text31       000000
__Ltext32                      text32       000000
__Ltext33                      text33       000000
__Ltext34                      text34       000000
__Ltext35                      text35       000000
__Ltext36                      text36       000000
__Ltext37                      text37       000000
__Ltext38                      text38       000000
__Ltext39                      text39       000000
__Ltext4                       text4        000000
__Ltext40                      text40       000000
__Ltext41                      text41       000000
__Ltext42                      text42       000000
__Ltext43                      text43       000000
__Ltext44                      text44       000000
__Ltext5                       text5        000000
__Ltext6                       text6        000000
__Ltext7                       text7        000000
__Ltext8                       text8        000000
__Ltext9                       text9        000000
__S0                           (abs)        001BA2
__S1                           (abs)        0001AA
__S4                           (abs)        000000
__S5                           (abs)        000000
___awdiv                       text44       00144A
___awdiv@counter               cstackCOMRAM 000005
___awdiv@dividend              cstackCOMRAM 000001
___awdiv@divisor               cstackCOMRAM 000003
___awdiv@quotient              cstackCOMRAM 000007
___awdiv@sign                  cstackCOMRAM 000006
___awmod                       text43       0015B6
___awmod@counter               cstackCOMRAM 000005
___awmod@dividend              cstackCOMRAM 000001
___awmod@divisor               cstackCOMRAM 000003
___awmod@sign                  cstackCOMRAM 000006
___heap_hi                     (abs)        000000
___heap_lo                     (abs)        000000
___inthi_sp                    stack        000000
___intlo_sp                    stack        000000
___lbdiv                       text19       00190C
___lbdiv@counter               cstackCOMRAM 000006
___lbdiv@dividend              cstackCOMRAM 000005
___lbdiv@divisor               cstackCOMRAM 000004
___lbdiv@quotient              cstackCOMRAM 000007
___lbmod                       text18       0019FA
___lbmod@counter               cstackCOMRAM 000006
___lbmod@dividend              cstackCOMRAM 000005
___lbmod@divisor               cstackCOMRAM 000004
___lbmod@rem                   cstackCOMRAM 000007
___lwdiv                       text42       0017FA
___lwdiv@counter               cstackCOMRAM 00000E
___lwdiv@dividend              cstackCOMRAM 000008
___lwdiv@divisor               cstackCOMRAM 00000A
___lwdiv@quotient              cstackCOMRAM 00000C
___param_bank                  (abs)        000000
___rparam_used                 (abs)        000001
___sp                          stack        000000
___wmul                        text41       001A76
___wmul@multiplicand           cstackCOMRAM 000003
___wmul@multiplier             cstackCOMRAM 000001
___wmul@product                cstackCOMRAM 000005
__accesstop                    (abs)        000060
__activetblptr                 (abs)        000002
__end_of___awdiv               text44       0014CE
__end_of___awmod               text43       001626
__end_of___lbdiv               text19       001946
__end_of___lbmod               text18       001A24
__end_of___lwdiv               text42       00184C
__end_of___wmul                text41       001A9C
__end_of__initialization       cinit        0016E8
__end_of_add_event             text40       000E08
__end_of_change_password       text24       0010FE
__end_of_clcd_print            text38       001752
__end_of_clcd_putch            text37       001B10
__end_of_clcd_write            text39       001A76
__end_of_clear_log             text23       0013AA
__end_of_convertval            text17       0019FA
__end_of_display_menu          text12       000974
__end_of_display_time          text11       001B48
__end_of_download_log          text20       001304
__end_of_get_time              text10       00168E
__end_of_i2c_idle              text35       001B9C
__end_of_i2c_no_ack            text36       001BA2
__end_of_i2c_read              text33       001B6C
__end_of_i2c_rep_start         text32       001B8C
__end_of_i2c_rx_mode           text34       001B94
__end_of_i2c_start             text31       001B84
__end_of_i2c_stop              text30       001B7C
__end_of_i2c_write             text29       001B60
__end_of_init_adc              text9        001ABC
__end_of_init_clcd             text8        00197C
__end_of_init_config           text4        0019A6
__end_of_init_ds1307           text7        001892
__end_of_init_i2c              text6        001B26
__end_of_init_matrix_keypad    text5        001B38
__end_of_main                  text0        001246
__end_of_my_strcmp             text3        0017A8
__end_of_password              text2        000F96
__end_of_putch                 text22       001B54
__end_of_puts                  text21       0017FA
__end_of_read_adc              text1        00190C
__end_of_read_ds1307           text16       0019D0
__end_of_read_external_eeprom  text28       001A4E
__end_of_read_switches         text26       0018D0
__end_of_scan_key              text27       001546
__end_of_set_time              text14       000C14
__end_of_view_log              text13       00144A
__end_of_write_ds1307          text15       001ADA
__end_of_write_external_eeprom text25       001AF8
__initialization               cinit        00168E
__mediumconst                  mediumconst  000000
__pbitbssCOMRAM                bitbssCOMRAM 000260
__pbssBANK1                    bssBANK1     000100
__pbssCOMRAM                   bssCOMRAM    000024
__pcinit                       cinit        00168E
__pcstackCOMRAM                cstackCOMRAM 000001
__pdataBANK0                   dataBANK0    000060
__pdataCOMRAM                  dataCOMRAM   000044
__pidataBANK0                  idataBANK0   001546
__pidataCOMRAM                 idataCOMRAM  001B6C
__psmallconst                  smallconst   000600
__ptext0                       text0        0010FE
__ptext1                       text1        0018D0
__ptext10                      text10       001626
__ptext11                      text11       001B38
__ptext12                      text12       0006C8
__ptext13                      text13       0013AA
__ptext14                      text14       000974
__ptext15                      text15       001ABC
__ptext16                      text16       0019A6
__ptext17                      text17       0019D0
__ptext18                      text18       0019FA
__ptext19                      text19       00190C
__ptext2                       text2        000E08
__ptext20                      text20       001246
__ptext21                      text21       0017A8
__ptext22                      text22       001B48
__ptext23                      text23       001304
__ptext24                      text24       000F96
__ptext25                      text25       001ADA
__ptext26                      text26       001892
__ptext27                      text27       0014CE
__ptext28                      text28       001A24
__ptext29                      text29       001B54
__ptext3                       text3        001752
__ptext30                      text30       001B74
__ptext31                      text31       001B7C
__ptext32                      text32       001B84
__ptext33                      text33       001B60
__ptext34                      text34       001B8C
__ptext35                      text35       001B94
__ptext36                      text36       001B9C
__ptext37                      text37       001AF8
__ptext38                      text38       0016F2
__ptext39                      text39       001A4E
__ptext4                       text4        00197C
__ptext40                      text40       000C14
__ptext41                      text41       001A76
__ptext42                      text42       0017FA
__ptext43                      text43       0015B6
__ptext44                      text44       00144A
__ptext5                       text5        001B26
__ptext6                       text6        001B10
__ptext7                       text7        00184C
__ptext8                       text8        001946
__ptext9                       text9        001A9C
__ramtop                       ramtop       000600
__smallconst                   smallconst   000600
_adc_reg_val                   bssCOMRAM    00002C
_add_event                     text40       000C14
_change_password               text24       000F96
_clcd_print                    text38       0016F2
_clcd_putch                    text37       001AF8
_clcd_write                    text39       001A4E
_clear_log                     text23       001304
_clock_reg                     bssCOMRAM    000029
_convertval                    text17       0019D0
_count                         bssCOMRAM    000032
_delay                         bssCOMRAM    000034
_display_menu                  text12       0006C8
_display_time                  text11       001B38
_download_log                  text20       001246
_event                         bssBANK1     000100
_gear                          dataBANK0    0000B5
_get_time                      text10       001626
_i2c_idle                      text35       001B94
_i2c_no_ack                    text36       001B9C
_i2c_read                      text33       001B60
_i2c_rep_start                 text32       001B84
_i2c_rx_mode                   text34       001B8C
_i2c_start                     text31       001B7C
_i2c_stop                      text30       001B74
_i2c_write                     text29       001B54
_init_adc                      text9        001A9C
_init_clcd                     text8        001946
_init_config                   text4        00197C
_init_ds1307                   text7        00184C
_init_i2c                      text6        001B10
_init_matrix_keypad            text5        001B26
_key                           bssCOMRAM    000037
_log                           bssCOMRAM    000030
_main                          text0        0010FE
_menu                          dataBANK0    000060
_my_strcmp                     text3        001752
_password                      text2        000E08
_putch                         text22       001B48
_puts                          text21       0017A8
_read_adc                      text1        0018D0
_read_ds1307                   text16       0019A6
_read_external_eeprom          text28       001A24
_read_switches                 text26       001892
_returnvalue                   bssCOMRAM    00002E
_scan_key                      text27       0014CE
_set_time                      text14       000974
_str                           bssCOMRAM    000041
_str_user                      dataCOMRAM   000047
_time                          bssCOMRAM    000038
_view_log                      text13       0013AA
_write_ds1307                  text15       001ABC
_write_external_eeprom         text25       001ADA
add_event@i                    cstackCOMRAM 000009
add_event@j                    cstackCOMRAM 00000B
change_password@change         cstackCOMRAM 00000D
change_password@j              cstackCOMRAM 00000A
change_password@pwd_key        cstackCOMRAM 00000C
clcd_print@addr                cstackCOMRAM 000009
clcd_print@data                cstackCOMRAM 000007
clcd_putch@addr                cstackCOMRAM 000008
clcd_putch@data                cstackCOMRAM 000009
clcd_write@byte                cstackCOMRAM 000002
clcd_write@control_bit         cstackCOMRAM 000001
clear_log@clr                  cstackCOMRAM 00000C
clear_log@i                    cstackCOMRAM 00000D
clear_log@j                    cstackCOMRAM 00000F
convertval@num                 cstackCOMRAM 000009
convertval@rem                 cstackCOMRAM 000008
convertval@val                 cstackCOMRAM 00000A
display_menu@flag              dataCOMRAM   000044
display_menu@i                 cstackCOMRAM 00001F
display_menu@key               cstackCOMRAM 00001E
display_menu@lkey              cstackCOMRAM 00001D
download_log@i                 cstackCOMRAM 00000B
download_log@key               cstackCOMRAM 00000A
end_of_initialization          cinit        0016E8
i2c_write@data                 cstackCOMRAM 000001
init_ds1307@dummy              cstackCOMRAM 000004
intlevel0                      text         000000
intlevel1                      text         000000
intlevel2                      text         000000
intlevel3                      text         000000
isa$std                        (abs)        000001
isa$xinst                      (abs)        000000
main@i                         cstackCOMRAM 000022
my_strcmp@str1                 cstackCOMRAM 000001
my_strcmp@str2                 cstackCOMRAM 000002
password@flag                  bitbssCOMRAM 000260
password@i                     cstackCOMRAM 00001A
password@key                   cstackCOMRAM 000019
password@str_pass              cstackCOMRAM 00000C
password@wait                  cstackCOMRAM 000011
password@wait_189              cstackCOMRAM 000015
putch@byte                     cstackCOMRAM 000001
puts@s                         cstackCOMRAM 000007
read_adc@channel               cstackCOMRAM 000007
read_adc@reg_val               cstackCOMRAM 000005
read_ds1307@address            cstackCOMRAM 000002
read_ds1307@data               cstackCOMRAM 000003
read_external_eeprom@address   cstackCOMRAM 000002
read_external_eeprom@data      cstackCOMRAM 000003
read_switches@detection_type   cstackCOMRAM 000001
read_switches@key              bssCOMRAM    000036
read_switches@once             dataCOMRAM   000046
set_time@HOUR                  cstackCOMRAM 000013
set_time@MIN                   cstackCOMRAM 000012
set_time@SEC                   cstackCOMRAM 000011
set_time@flag                  cstackCOMRAM 000018
set_time@hour                  cstackCOMRAM 000017
set_time@key                   cstackCOMRAM 000014
set_time@mins                  cstackCOMRAM 000016
set_time@prekey                cstackCOMRAM 000010
set_time@secs                  cstackCOMRAM 000015
set_time@wait_209              cstackCOMRAM 00000C
stackhi                        (abs)        000000
stacklo                        (abs)        000000
start                          init         000000
start_initialization           cinit        00168E
view_log@i                     cstackCOMRAM 00000A
write_ds1307@address           cstackCOMRAM 000003
write_ds1307@data              cstackCOMRAM 000002
write_external_eeprom@address  cstackCOMRAM 000003
write_external_eeprom@data     cstackCOMRAM 000002


MODULE INFORMATION

Module		Function		Class		Link	Load	Size
C:\Program Files\Microchip\xc8\v2.36\pic\sources\c90\common\awmod.c
		___awmod       		CODE           	15B6	0000	112

C:\Program Files\Microchip\xc8\v2.36\pic\sources\c90\common\awmod.c estimated size: 112

matrix_keypad.c
		_init_matrix_keypad		CODE           	1B26	0000	18
		_read_switches 		CODE           	1892	0000	62
		_scan_key      		CODE           	14CE	0000	120

matrix_keypad.c estimated size: 200

uart.c
		_putch         		CODE           	1B48	0000	12
		_puts          		CODE           	17A8	0000	82

uart.c estimated size: 94

i2c.c
		_i2c_start     		CODE           	1B7C	0000	8
		_i2c_no_ack    		CODE           	1B9C	0000	6
		_i2c_rep_start 		CODE           	1B84	0000	8
		_i2c_idle      		CODE           	1B94	0000	8
		_i2c_write     		CODE           	1B54	0000	12
		_i2c_stop      		CODE           	1B74	0000	8
		_i2c_read      		CODE           	1B60	0000	12
		_init_i2c      		CODE           	1B10	0000	22
		_i2c_rx_mode   		CODE           	1B8C	0000	8

i2c.c estimated size: 92

C:\Program Files\Microchip\xc8\v2.36\pic\sources\c90\common\Umul16.c
		___wmul        		CODE           	1A76	0000	38

C:\Program Files\Microchip\xc8\v2.36\pic\sources\c90\common\Umul16.c estimated size: 38

ds1307.c
		_read_ds1307   		CODE           	19A6	0000	42
		_write_ds1307  		CODE           	1ABC	0000	30
		_init_ds1307   		CODE           	184C	0000	70

ds1307.c estimated size: 142

C:\Program Files\Microchip\xc8\v2.36\pic\sources\c90\common\lwdiv.c
		___lwdiv       		CODE           	17FA	0000	82

C:\Program Files\Microchip\xc8\v2.36\pic\sources\c90\common\lwdiv.c estimated size: 82

C:\Program Files\Microchip\xc8\v2.36\pic\sources\c90\common\awdiv.c
		___awdiv       		CODE           	144A	0000	132

C:\Program Files\Microchip\xc8\v2.36\pic\sources\c90\common\awdiv.c estimated size: 132

adc.c
		_init_adc      		CODE           	1A9C	0000	32
		_read_adc      		CODE           	18D0	0000	60

adc.c estimated size: 92

C:\Program Files\Microchip\xc8\v2.36\pic\sources\c90\common\lbmod.c
		___lbmod       		CODE           	19FA	0000	42

C:\Program Files\Microchip\xc8\v2.36\pic\sources\c90\common\lbmod.c estimated size: 42

external_eeprom.c
		_write_external_eeprom		CODE           	1ADA	0000	30
		_read_external_eeprom		CODE           	1A24	0000	42

external_eeprom.c estimated size: 72

shared
		__initialization		CODE           	168E	0000	90

shared estimated size: 90

clcd.c
		_clcd_write    		CODE           	1A4E	0000	40
		_clcd_print    		CODE           	16F2	0000	96
		_clcd_putch    		CODE           	1AF8	0000	24
		_init_clcd     		CODE           	1946	0000	54

clcd.c estimated size: 214

C:\Program Files\Microchip\xc8\v2.36\pic\sources\c90\common\lbdiv.c
		___lbdiv       		CODE           	190C	0000	58

C:\Program Files\Microchip\xc8\v2.36\pic\sources\c90\common\lbdiv.c estimated size: 58

main.c
		_view_log      		CODE           	13AA	0000	160
		_my_strcmp     		CODE           	1752	0000	86
		_add_event     		CODE           	0C14	0000	500
		_display_time  		CODE           	1B38	0000	16
		_display_menu  		CODE           	06C8	0000	684
		_password      		CODE           	0E08	0000	398
		_main          		CODE           	10FE	0000	328
		_change_password		CODE           	0F96	0000	360
		_get_time      		CODE           	1626	0000	104
		_download_log  		CODE           	1246	0000	190
		_set_time      		CODE           	0974	0000	672
		_clear_log     		CODE           	1304	0000	166
		_convertval    		CODE           	19D0	0000	42
		_init_config   		CODE           	197C	0000	42

main.c estimated size: 3748

